\BOOKMARK [0][-]{Doc-Start}{\376\377\000L\036\335\000i\000\040\000c\036\243\000m\000\040\001\241\000n}{}% 1
\BOOKMARK [0][-]{Doc-Start}{\376\377\000T\000\363\000m\000\040\000t\036\257\000t}{}% 2
\BOOKMARK [0][-]{section*.1}{\376\377\000M\036\345\000c\000\040\000l\036\345\000c}{}% 3
\BOOKMARK [0][-]{section*.2}{\376\377\000D\000a\000n\000h\000\040\000s\000\341\000c\000h\000\040\000h\000\354\000n\000h\000\040\000v\036\275}{}% 4
\BOOKMARK [0][-]{section*.3}{\376\377\000D\000a\000n\000h\000\040\000s\000\341\000c\000h\000\040\000b\036\243\000n\000g}{}% 5
\BOOKMARK [0][-]{chapter*.4}{\376\377\000D\000a\000n\000h\000\040\000m\036\345\000c\000\040\000c\000\341\000c\000\040\000t\036\353\000\040\000v\000i\036\277\000t\000\040\000t\036\257\000t}{}% 6
\BOOKMARK [0][-]{chapter.1}{\376\377\001\020\036\267\000t\000\040\000v\036\245\000n\000\040\001\021\036\301}{}% 7
\BOOKMARK [1][-]{section.1.1}{\376\377\000B\036\321\000i\000\040\000c\036\243\000n\000h\000\040\000v\000\340\000\040\000l\000\375\000\040\000d\000o\000\040\000c\000h\036\315\000n\000\040\001\021\036\301\000\040\000t\000\340\000i}{chapter.1}% 8
\BOOKMARK [1][-]{section.1.2}{\376\377\000M\000\364\000\040\000t\036\243\000\040\000b\000\340\000i\000\040\000t\000o\000\341\000n}{chapter.1}% 9
\BOOKMARK [2][-]{subsection.1.2.1}{\376\377\001\020\036\247\000u\000\040\000v\000\340\000o\000\040\000c\036\347\000a\000\040\000h\036\307\000\040\000t\000h\036\321\000n\000g}{section.1.2}% 10
\BOOKMARK [2][-]{subsection.1.2.2}{\376\377\001\020\036\247\000u\000\040\000r\000a\000\040\000c\036\347\000a\000\040\000h\036\307\000\040\000t\000h\036\321\000n\000g}{section.1.2}% 11
\BOOKMARK [2][-]{subsection.1.2.3}{\376\377\000P\000h\036\241\000m\000\040\000v\000i\000\040\000v\000\340\000\040\000g\000i\036\243\000\040\001\021\036\313\000n\000h}{section.1.2}% 12
\BOOKMARK [1][-]{section.1.3}{\376\377\000M\036\345\000c\000\040\000t\000i\000\352\000u\000\040\000c\036\347\000a\000\040\001\021\036\301\000\040\000t\000\340\000i}{chapter.1}% 13
\BOOKMARK [1][-]{section.1.4}{\376\377\000P\000h\036\241\000m\000\040\000v\000i\000\040\000n\000g\000h\000i\000\352\000n\000\040\000c\036\351\000u\000\040\000v\000\340\000\040\000t\000r\000i\036\303\000n\000\040\000k\000h\000a\000i}{chapter.1}% 14
\BOOKMARK [1][-]{section.1.5}{\376\377\000\335\000\040\000n\000g\000h\001\051\000a\000\040\000t\000h\036\361\000c\000\040\000t\000i\036\305\000n\000\040\000c\036\347\000a\000\040\001\021\036\301\000\040\000t\000\340\000i}{chapter.1}% 15
\BOOKMARK [1][-]{section.1.6}{\376\377\000C\036\245\000u\000\040\000t\000r\000\372\000c\000\040\000c\036\347\000a\000\040\000b\000\341\000o\000\040\000c\000\341\000o}{chapter.1}% 16
\BOOKMARK [0][-]{chapter.2}{\376\377\000P\000h\000\342\000n\000\040\000t\000\355\000c\000h\000\040\000v\000\340\000\040\000t\000h\000i\036\277\000t\000\040\000k\036\277\000\040\000h\036\307\000\040\000t\000h\036\321\000n\000g\000\040\000F\000i\000t\000t\000y}{}% 17
\BOOKMARK [1][-]{section.2.1}{\376\377\000P\000h\000\342\000n\000\040\000t\000\355\000c\000h\000\040\000y\000\352\000u\000\040\000c\036\247\000u\000\040\000h\036\307\000\040\000t\000h\036\321\000n\000g}{chapter.2}% 18
\BOOKMARK [2][-]{subsection.2.1.1}{\376\377\001\020\036\321\000i\000\040\000t\001\260\036\343\000n\000g\000\040\000s\036\355\000\040\000d\036\345\000n\000g}{section.2.1}% 19
\BOOKMARK [2][-]{subsection.2.1.2}{\376\377\000Y\000\352\000u\000\040\000c\036\247\000u\000\040\000c\000h\036\351\000c\000\040\000n\001\003\000n\000g}{section.2.1}% 20
\BOOKMARK [2][-]{subsection.2.1.3}{\376\377\000Y\000\352\000u\000\040\000c\036\247\000u\000\040\000p\000h\000i\000\040\000c\000h\036\351\000c\000\040\000n\001\003\000n\000g}{section.2.1}% 21
\BOOKMARK [1][-]{section.2.2}{\376\377\000P\000h\000\342\000n\000\040\000t\000\355\000c\000h\000\040\000c\000\341\000c\000\040\000p\000h\000\342\000n\000\040\000h\036\307\000\040\000c\000h\000\355\000n\000h}{chapter.2}% 22
\BOOKMARK [2][-]{subsection.2.2.1}{\376\377\000P\000h\000\342\000n\000\040\000h\036\307\000\040\000t\000r\000u\000y\000\040\000c\036\255\000p\000\040\000v\000\340\000\040\000k\000h\036\337\000i\000\040\001\021\036\331\000n\000g}{section.2.2}% 23
\BOOKMARK [2][-]{subsection.2.2.2}{\376\377\000P\000h\000\342\000n\000\040\000h\036\307\000\040\000o\000n\000b\000o\000a\000r\000d\000i\000n\000g\000\040\000v\000\340\000\040\000k\036\277\000\040\000h\000o\036\241\000c\000h\000\040\000t\036\255\000p\000\040\000k\000h\036\337\000i\000\040\001\021\036\247\000u}{section.2.2}% 24
\BOOKMARK [2][-]{subsection.2.2.3}{\376\377\000P\000h\000\342\000n\000\040\000h\036\307\000\040\000n\036\331\000i\000\040\000d\000u\000n\000g\000\040\000b\000\340\000i\000\040\000t\036\255\000p}{section.2.2}% 25
\BOOKMARK [2][-]{subsection.2.2.4}{\376\377\000P\000h\000\342\000n\000\040\000h\036\307\000\040\000b\000u\036\325\000i\000\040\000t\036\255\000p\000\040\000v\000\340\000\040\000l\036\313\000c\000h\000\040\000t\036\255\000p}{section.2.2}% 26
\BOOKMARK [2][-]{subsection.2.2.5}{\376\377\000P\000h\000\342\000n\000\040\000h\036\307\000\040\000t\000h\000e\000o\000\040\000d\000\365\000i\000\040\000v\000\340\000\040\000h\036\323\000\040\000s\001\241}{section.2.2}% 27
\BOOKMARK [1][-]{section.2.3}{\376\377\000T\000h\000i\036\277\000t\000\040\000k\036\277\000\040\000k\000i\036\277\000n\000\040\000t\000r\000\372\000c\000\040\000t\036\325\000n\000g\000\040\000t\000h\036\303}{chapter.2}% 28
\BOOKMARK [2][-]{subsection.2.3.1}{\376\377\000K\000i\036\277\000n\000\040\000t\000r\000\372\000c\000\040\000l\000o\000g\000i\000c}{section.2.3}% 29
\BOOKMARK [1][-]{section.2.4}{\376\377\000T\000h\000i\036\277\000t\000\040\000k\036\277\000\040\000d\036\357\000\040\000l\000i\036\307\000u}{chapter.2}% 30
\BOOKMARK [2][-]{subsection.2.4.1}{\376\377\000M\000\364\000\040\000h\000\354\000n\000h\000\040\000d\036\357\000\040\000l\000i\036\307\000u\000\040\000n\000g\001\260\036\335\000i\000\040\000d\000\371\000n\000g}{section.2.4}% 31
\BOOKMARK [2][-]{subsection.2.4.2}{\376\377\000M\000\364\000\040\000h\000\354\000n\000h\000\040\000d\036\357\000\040\000l\000i\036\307\000u\000\040\000k\036\277\000\040\000h\000o\036\241\000c\000h\000\040\000t\036\255\000p}{section.2.4}% 32
\BOOKMARK [2][-]{subsection.2.4.3}{\376\377\000M\000\364\000\040\000h\000\354\000n\000h\000\040\000d\036\357\000\040\000l\000i\036\307\000u\000\040\000p\000h\000i\000\352\000n\000\040\000t\036\255\000p\000\040\000v\000\340\000\040\000t\000r\000a\000c\000k\000i\000n\000g}{section.2.4}% 33
\BOOKMARK [2][-]{subsection.2.4.4}{\376\377\000T\000h\000i\036\277\000t\000\040\000k\036\277\000\040\000d\036\357\000\040\000l\000i\036\307\000u\000\040\000F\000i\000r\000e\000b\000a\000s\000e}{section.2.4}% 34
\BOOKMARK [2][-]{subsection.2.4.5}{\376\377\000T\000h\000i\036\277\000t\000\040\000k\036\277\000\040\000d\036\357\000\040\000l\000i\036\307\000u\000\040\000c\036\345\000c\000\040\000b\036\331}{section.2.4}% 35
\BOOKMARK [2][-]{subsection.2.4.6}{\376\377\000B\000i\036\303\000u\000\040\001\021\036\323\000\040\000u\000s\000e\000\040\000c\000a\000s\000e\000\040\000t\036\325\000n\000g\000\040\000q\000u\000a\000n}{section.2.4}% 36
\BOOKMARK [2][-]{subsection.2.4.7}{\376\377\000B\000i\036\303\000u\000\040\001\021\036\323\000\040\000h\000o\036\241\000t\000\040\001\021\036\331\000n\000g\000\040\000t\000i\000\352\000u\000\040\000b\000i\036\303\000u}{section.2.4}% 37
\BOOKMARK [2][-]{subsection.2.4.8}{\376\377\000B\000i\036\303\000u\000\040\001\021\036\323\000\040\000t\000u\036\247\000n\000\040\000t\036\361\000\040\000t\000i\000\352\000u\000\040\000b\000i\036\303\000u}{section.2.4}% 38
\BOOKMARK [1][-]{section.2.5}{\376\377\000T\000h\000i\036\277\000t\000\040\000k\036\277\000\040\000c\000h\000o\000\040\000m\036\331\000t\000\040\000s\036\321\000\040\000c\001\241\000\040\000c\000h\036\277\000\040\000t\000r\036\315\000n\000g\000\040\000t\000\342\000m}{chapter.2}% 39
\BOOKMARK [2][-]{subsection.2.5.1}{\376\377\000H\000\354\000n\000h\000\040\000t\000h\000\340\000n\000h\000\040\000k\036\277\000\040\000h\000o\036\241\000c\000h\000\040\000t\036\255\000p\000\040\000k\000h\036\337\000i\000\040\001\021\036\247\000u}{section.2.5}% 40
\BOOKMARK [2][-]{subsection.2.5.2}{\376\377\001\020\036\323\000n\000g\000\040\000b\036\331\000\040\000b\000\340\000i\000\040\000t\036\255\000p}{section.2.5}% 41
\BOOKMARK [2][-]{subsection.2.5.3}{\376\377\000H\000o\000\340\000n\000\040\000t\000h\000\340\000n\000h\000\040\000b\000u\036\325\000i\000\040\000t\036\255\000p}{section.2.5}% 42
\BOOKMARK [1][-]{section.2.6}{\376\377\000T\036\325\000n\000g\000\040\000k\036\277\000t\000\040\000c\000h\001\260\001\241\000n\000g}{chapter.2}% 43
\BOOKMARK [0][-]{chapter.3}{\376\377\000P\000h\000\342\000n\000\040\000t\000\355\000c\000h\000\040\000v\000\340\000\040\000t\000h\000i\036\277\000t\000\040\000k\036\277\000\040\000h\036\307\000\040\000t\000h\036\321\000n\000g\000\040\000F\000i\000t\000t\000y}{}% 44
\BOOKMARK [1][-]{section.3.1}{\376\377\000P\000h\000\342\000n\000\040\000t\000\355\000c\000h\000\040\000y\000\352\000u\000\040\000c\036\247\000u\000\040\000h\036\307\000\040\000t\000h\036\321\000n\000g}{chapter.3}% 45
\BOOKMARK [2][-]{subsection.3.1.1}{\376\377\001\020\036\321\000i\000\040\000t\001\260\036\343\000n\000g\000\040\000s\036\355\000\040\000d\036\345\000n\000g}{section.3.1}% 46
\BOOKMARK [2][-]{subsection.3.1.2}{\376\377\000Y\000\352\000u\000\040\000c\036\247\000u\000\040\000c\000h\036\351\000c\000\040\000n\001\003\000n\000g}{section.3.1}% 47
\BOOKMARK [2][-]{subsection.3.1.3}{\376\377\000Y\000\352\000u\000\040\000c\036\247\000u\000\040\000p\000h\000i\000\040\000c\000h\036\351\000c\000\040\000n\001\003\000n\000g}{section.3.1}% 48
\BOOKMARK [1][-]{section.3.2}{\376\377\000P\000h\000\342\000n\000\040\000t\000\355\000c\000h\000\040\000c\000\341\000c\000\040\000p\000h\000\342\000n\000\040\000h\036\307\000\040\000c\000h\000\355\000n\000h}{chapter.3}% 49
\BOOKMARK [2][-]{subsection.3.2.1}{\376\377\000P\000h\000\342\000n\000\040\000h\036\307\000\040\000t\000r\000u\000y\000\040\000c\036\255\000p\000\040\000v\000\340\000\040\000k\000h\036\337\000i\000\040\001\021\036\331\000n\000g}{section.3.2}% 50
\BOOKMARK [2][-]{subsection.3.2.2}{\376\377\000P\000h\000\342\000n\000\040\000h\036\307\000\040\000o\000n\000b\000o\000a\000r\000d\000i\000n\000g\000\040\000v\000\340\000\040\000k\036\277\000\040\000h\000o\036\241\000c\000h\000\040\000t\036\255\000p\000\040\000k\000h\036\337\000i\000\040\001\021\036\247\000u}{section.3.2}% 51
\BOOKMARK [2][-]{subsection.3.2.3}{\376\377\000P\000h\000\342\000n\000\040\000h\036\307\000\040\000n\036\331\000i\000\040\000d\000u\000n\000g\000\040\000b\000\340\000i\000\040\000t\036\255\000p}{section.3.2}% 52
\BOOKMARK [2][-]{subsection.3.2.4}{\376\377\000P\000h\000\342\000n\000\040\000h\036\307\000\040\000b\000u\036\325\000i\000\040\000t\036\255\000p\000\040\000v\000\340\000\040\000l\036\313\000c\000h\000\040\000t\036\255\000p}{section.3.2}% 53
\BOOKMARK [2][-]{subsection.3.2.5}{\376\377\000P\000h\000\342\000n\000\040\000h\036\307\000\040\000t\000h\000e\000o\000\040\000d\000\365\000i\000,\000\040\000d\000i\000n\000h\000\040\000d\001\260\036\341\000n\000g\000\040\000v\000\340\000\040\000h\036\323\000\040\000s\001\241}{section.3.2}% 54
\BOOKMARK [1][-]{section.3.3}{\376\377\000T\000h\000i\036\277\000t\000\040\000k\036\277\000\040\000k\000i\036\277\000n\000\040\000t\000r\000\372\000c\000\040\000t\036\325\000n\000g\000\040\000t\000h\036\303}{chapter.3}% 55
\BOOKMARK [2][-]{subsection.3.3.1}{\376\377\000K\000i\036\277\000n\000\040\000t\000r\000\372\000c\000\040\000l\000o\000g\000i\000c}{section.3.3}% 56
\BOOKMARK [1][-]{section.3.4}{\376\377\000T\000h\000i\036\277\000t\000\040\000k\036\277\000\040\000d\036\357\000\040\000l\000i\036\307\000u}{chapter.3}% 57
\BOOKMARK [2][-]{subsection.3.4.1}{\376\377\000M\000\364\000\040\000h\000\354\000n\000h\000\040\000d\036\357\000\040\000l\000i\036\307\000u\000\040\000n\000g\001\260\036\335\000i\000\040\000d\000\371\000n\000g}{section.3.4}% 58
\BOOKMARK [2][-]{subsection.3.4.2}{\376\377\000M\000\364\000\040\000h\000\354\000n\000h\000\040\000d\036\357\000\040\000l\000i\036\307\000u\000\040\000k\036\277\000\040\000h\000o\036\241\000c\000h\000\040\000t\036\255\000p}{section.3.4}% 59
\BOOKMARK [2][-]{subsection.3.4.3}{\376\377\000M\000\364\000\040\000h\000\354\000n\000h\000\040\000d\036\357\000\040\000l\000i\036\307\000u\000\040\000p\000h\000i\000\352\000n\000\040\000t\036\255\000p\000\040\000v\000\340\000\040\000t\000r\000a\000c\000k\000i\000n\000g}{section.3.4}% 60
\BOOKMARK [2][-]{subsection.3.4.4}{\376\377\000T\000h\000i\036\277\000t\000\040\000k\036\277\000\040\000d\036\357\000\040\000l\000i\036\307\000u\000\040\000F\000i\000r\000e\000b\000a\000s\000e}{section.3.4}% 61
\BOOKMARK [2][-]{subsection.3.4.5}{\376\377\000T\000h\000i\036\277\000t\000\040\000k\036\277\000\040\000d\036\357\000\040\000l\000i\036\307\000u\000\040\000c\036\345\000c\000\040\000b\036\331}{section.3.4}% 62
\BOOKMARK [2][-]{subsection.3.4.6}{\376\377\000B\000i\036\303\000u\000\040\001\021\036\323\000\040\000u\000s\000e\000\040\000c\000a\000s\000e\000\040\000t\036\325\000n\000g\000\040\000q\000u\000a\000n}{section.3.4}% 63
\BOOKMARK [0][-]{chapter.4}{\376\377\000C\000\340\000i\000\040\001\021\036\267\000t\000,\000\040\000k\000i\036\303\000m\000\040\000t\000h\036\355\000\040\000v\000\340\000\040\000t\000r\000i\036\303\000n\000\040\000k\000h\000a\000i\000\040\000h\036\307\000\040\000t\000h\036\321\000n\000g}{}% 64
\BOOKMARK [1][-]{section.4.1}{\376\377\000M\000\364\000i\000\040\000t\000r\001\260\036\335\000n\000g\000\040\000c\000\340\000i\000\040\001\021\036\267\000t\000\040\000v\000\340\000\040\000t\000r\000i\036\303\000n\000\040\000k\000h\000a\000i}{chapter.4}% 65
\BOOKMARK [2][-]{subsection.4.1.1}{\376\377\000M\000\364\000i\000\040\000t\000r\001\260\036\335\000n\000g\000\040\000p\000h\000\341\000t\000\040\000t\000r\000i\036\303\000n}{section.4.1}% 66
\BOOKMARK [2][-]{subsection.4.1.2}{\376\377\000M\000\364\000i\000\040\000t\000r\001\260\036\335\000n\000g\000\040\000c\000h\036\241\000y\000\040\036\351\000n\000g\000\040\000d\036\345\000n\000g}{section.4.1}% 67
\BOOKMARK [1][-]{section.4.2}{\376\377\001\020\036\313\000n\000h\000\040\000h\001\260\036\333\000n\000g\000\040\000h\000i\036\307\000n\000\040\000t\000h\036\361\000c}{chapter.4}% 68
\BOOKMARK [1][-]{section.4.3}{\376\377\000H\000i\036\307\000n\000\040\000t\000h\036\361\000c\000\040\000c\000\341\000c\000\040\000p\000h\000\342\000n\000\040\000h\036\307\000\040\000c\000h\000\355\000n\000h}{chapter.4}% 69
\BOOKMARK [2][-]{subsection.4.3.1}{\376\377\000P\000h\000\342\000n\000\040\000h\036\307\000\040\000t\000r\000u\000y\000\040\000c\036\255\000p\000\040\000v\000\340\000\040\000k\000h\036\337\000i\000\040\001\021\036\331\000n\000g}{section.4.3}% 70
\BOOKMARK [2][-]{subsection.4.3.2}{\376\377\000P\000h\000\342\000n\000\040\000h\036\307\000\040\000o\000n\000b\000o\000a\000r\000d\000i\000n\000g\000\040\000v\000\340\000\040\000k\036\277\000\040\000h\000o\036\241\000c\000h\000\040\000t\036\255\000p\000\040\000k\000h\036\337\000i\000\040\001\021\036\247\000u}{section.4.3}% 71
\BOOKMARK [2][-]{subsection.4.3.3}{\376\377\000P\000h\000\342\000n\000\040\000h\036\307\000\040\000n\036\331\000i\000\040\000d\000u\000n\000g\000\040\000b\000\340\000i\000\040\000t\036\255\000p\000\040\000v\000\340\000\040\000b\000u\036\325\000i\000\040\000t\036\255\000p}{section.4.3}% 72
\BOOKMARK [2][-]{subsection.4.3.4}{\376\377\000P\000h\000\342\000n\000\040\000h\036\307\000\040\000t\000h\000e\000o\000\040\000d\000\365\000i\000\040\000t\000i\036\277\000n\000\040\001\021\036\331\000,\000\040\000d\000i\000n\000h\000\040\000d\001\260\036\341\000n\000g\000,\000\040\000h\036\323\000\040\000s\001\241\000\040\000v\000\340\000\040\000t\000h\000\364\000n\000g\000\040\000b\000\341\000o}{section.4.3}% 73
\BOOKMARK [2][-]{subsection.4.3.5}{\376\377\000P\000h\000\342\000n\000\040\000h\036\307\000\040\000A\000I\000\040\000c\000o\000a\000c\000h\000\040\000v\000\340\000\040\000h\036\327\000\040\000t\000r\036\343\000\040\000p\000h\000\342\000n\000\040\000t\000\355\000c\000h}{section.4.3}% 74
\BOOKMARK [1][-]{section.4.4}{\376\377\000T\000r\000i\036\303\000n\000\040\000k\000h\000a\000i\000\040\000n\036\331\000i\000\040\000d\000u\000n\000g\000\040\001\021\036\331\000n\000g}{chapter.4}% 75
\BOOKMARK [1][-]{section.4.5}{\376\377\000K\000i\036\303\000m\000\040\000t\000h\036\355\000\040\000h\036\307\000\040\000t\000h\036\321\000n\000g}{chapter.4}% 76
\BOOKMARK [2][-]{subsection.4.5.1}{\376\377\000K\000i\036\303\000m\000\040\000t\000h\036\355\000\040\001\021\001\241\000n\000\040\000v\036\313}{section.4.5}% 77
\BOOKMARK [2][-]{subsection.4.5.2}{\376\377\000K\000i\036\303\000m\000\040\000t\000h\036\355\000\040\000c\000h\036\351\000c\000\040\000n\001\003\000n\000g}{section.4.5}% 78
\BOOKMARK [2][-]{subsection.4.5.3}{\376\377\000K\000i\036\303\000m\000\040\000t\000h\036\355\000\040\000t\000h\000\364\000n\000g\000\040\000b\000\341\000o\000\040\000v\000\340\000\040\001\021\036\323\000n\000g\000\040\000b\036\331\000\040\000d\036\357\000\040\000l\000i\036\307\000u}{section.4.5}% 79
\BOOKMARK [1][-]{section.4.6}{\376\377\001\020\000\341\000n\000h\000\040\000g\000i\000\341\000\040\000k\036\277\000t\000\040\000q\000u\036\243\000\040\000t\000r\000i\036\303\000n\000\040\000k\000h\000a\000i}{chapter.4}% 80
\BOOKMARK [2][-]{subsection.4.6.1}{\376\377\000C\000\341\000c\000\040\000k\036\277\000t\000\040\000q\000u\036\243\000\040\001\021\000\343\000\040\001\021\036\241\000t\000\040\001\021\001\260\036\343\000c}{section.4.6}% 81
\BOOKMARK [2][-]{subsection.4.6.2}{\376\377\001\020\036\321\000i\000\040\000c\000h\000i\036\277\000u\000\040\000y\000\352\000u\000\040\000c\036\247\000u\000\040\000v\000\340\000\040\000k\036\277\000t\000\040\000q\000u\036\243\000\040\000h\000i\036\307\000n\000\040\000t\000h\036\361\000c}{section.4.6}% 82
\BOOKMARK [2][-]{subsection.4.6.3}{\376\377\001\257\000u\000\040\001\021\000i\036\303\000m\000\040\000v\000\340\000\040\000h\036\241\000n\000\040\000c\000h\036\277}{section.4.6}% 83
\BOOKMARK [1][-]{section.4.7}{\376\377\000K\000h\036\243\000\040\000n\001\003\000n\000g\000\040\000t\000r\000i\036\303\000n\000\040\000k\000h\000a\000i\000\040\000v\000\340\000\040\000m\036\337\000\040\000r\036\331\000n\000g}{chapter.4}% 84
\BOOKMARK [1][-]{section.4.8}{\376\377\000T\036\325\000n\000g\000\040\000k\036\277\000t\000\040\000c\000h\001\260\001\241\000n\000g}{chapter.4}% 85
\BOOKMARK [0][-]{chapter*.5}{\376\377\000K\036\277\000t\000\040\000l\000u\036\255\000n}{}% 86
\BOOKMARK [0][-]{section*.6}{\376\377\000T\000\340\000i\000\040\000l\000i\036\307\000u\000\040\000t\000h\000a\000m\000\040\000k\000h\036\243\000o}{}% 87
